CE s01 t194: 362 labelled nuclei, watershed detector
  raw            12390.0 KiB    1.0x  n_pred 347  r0.4: found 291 F1 0.821  r0.6: found 315 F1 0.889  r0.8: found 320 F1 0.903
  apr-e0.05       1706.3 KiB    7.3x  n_pred 318  r0.4: found 267 F1 0.785  r0.6: found 291 F1 0.856  r0.8: found 299 F1 0.879
  apr-e0.1         490.0 KiB   25.3x  n_pred 269  r0.4: found 208 F1 0.659  r0.6: found 241 F1 0.764  r0.8: found 242 F1 0.767
  apr-e0.2         126.7 KiB   97.8x  n_pred 210  r0.4: found 157 F1 0.549  r0.6: found 185 F1 0.647  r0.8: found 197 F1 0.689
  apr-e0.4          40.3 KiB  307.3x  n_pred 136  r0.4: found  67 F1 0.269  r0.6: found  99 F1 0.398  r0.8: found 117 F1 0.470
  apri-e0.05      3334.3 KiB    3.7x  n_pred 337  r0.4: found 294 F1 0.841  r0.6: found 313 F1 0.896  r0.8: found 315 F1 0.901
  apri-e0.1       3322.8 KiB    3.7x  n_pred 336  r0.4: found 292 F1 0.837  r0.6: found 310 F1 0.888  r0.8: found 313 F1 0.897
  apri-e0.2       2809.8 KiB    4.4x  n_pred 334  r0.4: found 288 F1 0.828  r0.6: found 308 F1 0.885  r0.8: found 310 F1 0.891
  apri-e0.4        816.2 KiB   15.2x  n_pred 294  r0.4: found 246 F1 0.750  r0.6: found 273 F1 0.832  r0.8: found 279 F1 0.851
  aprim-e0.1      4399.5 KiB    2.8x  n_pred 341  r0.4: found 296 F1 0.842  r0.6: found 316 F1 0.899  r0.8: found 322 F1 0.916
  aprim-e0.2      3544.1 KiB    3.5x  n_pred 329  r0.4: found 293 F1 0.848  r0.6: found 310 F1 0.897  r0.8: found 314 F1 0.909
  aprim-e0.4      1219.7 KiB   10.2x  n_pred 297  r0.4: found 249 F1 0.756  r0.6: found 274 F1 0.832  r0.8: found 280 F1 0.850
  aprim-e0.8       302.8 KiB   40.9x  n_pred 237  r0.4: found 181 F1 0.604  r0.6: found 215 F1 0.718  r0.8: found 226 F1 0.755
  aprimq-e0.1     3103.5 KiB    4.0x  n_pred 336  r0.4: found 292 F1 0.837  r0.6: found 312 F1 0.894  r0.8: found 315 F1 0.903
  aprimq-e0.2     2553.1 KiB    4.9x  n_pred 331  r0.4: found 289 F1 0.834  r0.6: found 310 F1 0.895  r0.8: found 310 F1 0.895
  aprimq-e0.4      889.4 KiB   13.9x  n_pred 305  r0.4: found 252 F1 0.756  r0.6: found 279 F1 0.837  r0.8: found 286 F1 0.858
  aprimq-e0.8      221.0 KiB   56.1x  n_pred 235  r0.4: found 189 F1 0.633  r0.6: found 217 F1 0.727  r0.8: found 224 F1 0.750
  apriq-e0.05     2294.8 KiB    5.4x  n_pred 323  r0.4: found 287 F1 0.838  r0.6: found 306 F1 0.893  r0.8: found 311 F1 0.908
  apriq-e0.1      2290.6 KiB    5.4x  n_pred 327  r0.4: found 288 F1 0.836  r0.6: found 307 F1 0.891  r0.8: found 311 F1 0.903
  apriq-e0.2      1967.4 KiB    6.3x  n_pred 319  r0.4: found 281 F1 0.825  r0.6: found 297 F1 0.872  r0.8: found 300 F1 0.881
  apriq-e0.4       572.8 KiB   21.6x  n_pred 285  r0.4: found 245 F1 0.757  r0.6: found 270 F1 0.835  r0.8: found 276 F1 0.853
  aprm-e0.1       1826.7 KiB    6.8x  n_pred 264  r0.4: found 202 F1 0.645  r0.6: found 240 F1 0.767  r0.8: found 248 F1 0.792
  aprm-e0.2        617.8 KiB   20.1x  n_pred 207  r0.4: found 155 F1 0.545  r0.6: found 181 F1 0.636  r0.8: found 191 F1 0.671
  aprm-e0.4        165.3 KiB   75.0x  n_pred 138  r0.4: found  72 F1 0.288  r0.6: found 104 F1 0.416  r0.8: found 117 F1 0.468
  aprm-e0.8         56.7 KiB  218.5x  n_pred 189  r0.4: found  66 F1 0.240  r0.6: found 104 F1 0.377  r0.8: found 120 F1 0.436
  aprmq-e0.1      1516.2 KiB    8.2x  n_pred 263  r0.4: found 207 F1 0.662  r0.6: found 241 F1 0.771  r0.8: found 245 F1 0.784
  aprmq-e0.2       498.9 KiB   24.8x  n_pred 195  r0.4: found 147 F1 0.528  r0.6: found 177 F1 0.636  r0.8: found 187 F1 0.671
  aprmq-e0.4       133.2 KiB   93.0x  n_pred 133  r0.4: found  70 F1 0.283  r0.6: found 104 F1 0.420  r0.8: found 115 F1 0.465
  aprmq-e0.8        46.0 KiB  269.2x  n_pred 188  r0.4: found  65 F1 0.236  r0.6: found 102 F1 0.371  r0.8: found 114 F1 0.415
  aprq-e0.05      1228.6 KiB   10.1x  n_pred 316  r0.4: found 271 F1 0.799  r0.6: found 295 F1 0.870  r0.8: found 301 F1 0.888
  aprq-e0.1        350.6 KiB   35.3x  n_pred 260  r0.4: found 202 F1 0.650  r0.6: found 236 F1 0.759  r0.8: found 241 F1 0.775
  aprq-e0.2         90.7 KiB  136.7x  n_pred 205  r0.4: found 149 F1 0.526  r0.6: found 180 F1 0.635  r0.8: found 191 F1 0.674
  aprq-e0.4         32.2 KiB  384.7x  n_pred 127  r0.4: found  61 F1 0.249  r0.6: found  96 F1 0.393  r0.8: found 115 F1 0.470
